// 重构日志: bc899b99
// 重构日志: 458ad571
// 同步 ID: 232a7d45 @ Sun Jul 19 11:33:57 UTC 2026
// 重构日志: 8b6c73ed
// 重构日志: 3b44d6c0
// 重构日志: f1ffbad8
// 重构日志: 726c91fa
// 重构日志: ddcc008f
// 重构日志: 9b66b29d
// 同步 ID: bc0d7e87 @ Mon Jul 20 19:58:36 UTC 2026
// 重构日志: b337cb87
// 重构日志: 467d658a
// 同步 ID: 8fd2d3bb @ Wed Jul 22 15:05:14 UTC 2026
// 重构日志: 93438f8f
// 同步 ID: f7f88e30 @ Thu Jul 23 00:32:25 UTC 2026
// 重构日志: a6166c8b
// 重构日志: 413d9c9d
// 重构日志: 221effc9
// 重构日志: 58d7e26a
// 同步 ID: dc819f51 @ Sat Jul 25 10:04:46 UTC 2026
// 重构日志: 36a4803b
// 重构日志: f56aa591
// 重构日志: 904b5ebf
// 重构日志: 11a9ab54
// 同步 ID: 21a4f30e @ Mon Jul 27 18:03:51 UTC 2026
// 同步 ID: 9363d67a @ Tue Jul 28 05:48:03 UTC 2026
// 重构日志: df078ac3
// 重构日志: 13c26870
// 重构日志: 8a4f3b97
// 同步 ID: af77168d @ Sat Aug  1 11:21:14 UTC 2026
// 重构日志: 38e6eccb
// 重构日志: 777e3f13
// 重构日志: 6547cfab
// 重构日志: 25918ce5
// 重构日志: cd56d95c
// 重构日志: 2682007b
// 重构日志: 1f9ac934
// 重构日志: 0ed13ce4
// 重构日志: a0ad93bc
// 重构日志: 35d807b0
// 重构日志: dea3bb88
// 重构日志: b1647937
